<?xml version="1.0" encoding="utf-8"?>
<TestRun id="0cc50f59-55d8-443b-88b6-18216c9c6094" name="kurt@DESKTOP-1B2SI9I 2021-04-02 08:51:12" runUser="DESKTOP-1B2SI9I\kurt" xmlns="http://microsoft.com/schemas/VisualStudio/TeamTest/2010">
  <Times creation="2021-04-02T08:51:12.4772028+10:00" queuing="2021-04-02T08:51:12.4772037+10:00" start="2021-04-02T08:51:11.2065847+10:00" finish="2021-04-02T08:51:12.5010296+10:00" />
  <TestSettings name="default" id="fbcacf0f-0254-4036-87f5-21cc2e56a617">
    <Deployment runDeploymentRoot="kurt_DESKTOP-1B2SI9I_2021-04-02_08_51_12" />
  </TestSettings>
  <Results>
    <UnitTestResult executionId="0e6eafb3-2335-4f0c-ac2d-681eb39edb1c" testId="7375cc66-e5f2-0720-ad4e-3a9c25c7178c" testName="TestThrowingException" computerName="DESKTOP-1B2SI9I" duration="00:00:00.0042859" startTime="2021-04-02T08:51:12.3228466+10:00" endTime="2021-04-02T08:51:12.3268181+10:00" testType="13cdc9d9-ddb5-4fa4-a97d-d965ccfc6d4b" outcome="Failed" testListId="8c84fa94-04c1-424b-9868-57a2d4851a1d" relativeResultsDirectory="0e6eafb3-2335-4f0c-ac2d-681eb39edb1c">
      <Output>
        <StdOut>TestContext Messages:
Running SampleProject.Tests.MSTest tests</StdOut>
        <ErrorInfo>
          <Message>Test method SampleProject.MSTest.TestServiceTests.TestThrowingException threw exception: &#xD;
System.Exception: Pretty good exception</Message>
          <StackTrace>    at SampleProject.TestService.GetException() in C:\Dev\LiquidTestReports\test\SampleProject\SampleProject\TestService.cs:line 19&#xD;
   at SampleProject.MSTest.TestServiceTests.TestThrowingException() in C:\Dev\LiquidTestReports\test\SampleProject\SampleProject.Tests.MSTest\TestServiceTests.cs:line 60&#xD;
</StackTrace>
        </ErrorInfo>
      </Output>
    </UnitTestResult>
    <UnitTestResult executionId="b77f8afa-1ee5-4f3b-84e6-00dd4e7dad3a" testId="4538be58-39b3-4638-9eb2-26c085b619a7" testName="FailTest" computerName="DESKTOP-1B2SI9I" duration="00:00:00.0005357" startTime="2021-04-02T08:51:12.3268181+10:00" endTime="2021-04-02T08:51:12.3278491+10:00" testType="13cdc9d9-ddb5-4fa4-a97d-d965ccfc6d4b" outcome="Failed" testListId="8c84fa94-04c1-424b-9868-57a2d4851a1d" relativeResultsDirectory="b77f8afa-1ee5-4f3b-84e6-00dd4e7dad3a">
      <Output>
        <StdOut>TestContext Messages:
Running SampleProject.Tests.MSTest tests&#xD;
This test will fail</StdOut>
        <ErrorInfo>
          <Message>Assert.IsTrue failed. </Message>
          <StackTrace>   at SampleProject.MSTest.TestServiceTests.FailTest() in C:\Dev\LiquidTestReports\test\SampleProject\SampleProject.Tests.MSTest\TestServiceTests.cs:line 71&#xD;
</StackTrace>
        </ErrorInfo>
      </Output>
    </UnitTestResult>
    <UnitTestResult executionId="ae55601e-324e-4ba2-9421-cde949d78781" testId="bead3649-e074-0f23-f772-61a11d5ed529" testName="PassingTest" computerName="DESKTOP-1B2SI9I" duration="00:00:00.0001892" startTime="2021-04-02T08:51:12.3218470+10:00" endTime="2021-04-02T08:51:12.3228466+10:00" testType="13cdc9d9-ddb5-4fa4-a97d-d965ccfc6d4b" outcome="Passed" testListId="8c84fa94-04c1-424b-9868-57a2d4851a1d" relativeResultsDirectory="ae55601e-324e-4ba2-9421-cde949d78781">
      <Output>
        <StdOut>TestContext Messages:
Running SampleProject.Tests.MSTest tests</StdOut>
      </Output>
    </UnitTestResult>
    <UnitTestResult executionId="eca8116a-dc43-4dc5-b4c9-08a191e64a82" testId="ee94da90-080e-915e-9583-4df909e8f047" testName="TestTheory" computerName="DESKTOP-1B2SI9I" duration="00:00:00.1232190" startTime="2021-04-02T08:51:12.0358156+10:00" endTime="2021-04-02T08:51:12.3148472+10:00" testType="13cdc9d9-ddb5-4fa4-a97d-d965ccfc6d4b" outcome="Failed" testListId="8c84fa94-04c1-424b-9868-57a2d4851a1d" relativeResultsDirectory="eca8116a-dc43-4dc5-b4c9-08a191e64a82" resultType="DataDrivenTest">
      <InnerResults>
        <UnitTestResult executionId="d4369695-a228-42fe-97ac-a803c1c697f4" parentExecutionId="eca8116a-dc43-4dc5-b4c9-08a191e64a82" testId="ee94da90-080e-915e-9583-4df909e8f047" testName="TestTheory (True)" computerName="DESKTOP-1B2SI9I" duration="00:00:00.0072970" startTime="2021-04-02T08:51:12.0358156+10:00" endTime="2021-04-02T08:51:12.3148472+10:00" testType="13cdc9d9-ddb5-4fa4-a97d-d965ccfc6d4b" outcome="Passed" testListId="8c84fa94-04c1-424b-9868-57a2d4851a1d" relativeResultsDirectory="d4369695-a228-42fe-97ac-a803c1c697f4" dataRowInfo="1" resultType="DataDrivenDataRow">
          <Output>
            <StdOut>TestContext Messages:
Running SampleProject.Tests.MSTest tests</StdOut>
          </Output>
        </UnitTestResult>
        <UnitTestResult executionId="b903d21e-1be0-4838-a3a3-8667cf8f28d2" parentExecutionId="eca8116a-dc43-4dc5-b4c9-08a191e64a82" testId="ee94da90-080e-915e-9583-4df909e8f047" testName="TestTheory (False)" computerName="DESKTOP-1B2SI9I" duration="00:00:00.0813230" startTime="2021-04-02T08:51:12.0358156+10:00" endTime="2021-04-02T08:51:12.3148472+10:00" testType="13cdc9d9-ddb5-4fa4-a97d-d965ccfc6d4b" outcome="Failed" testListId="8c84fa94-04c1-424b-9868-57a2d4851a1d" relativeResultsDirectory="b903d21e-1be0-4838-a3a3-8667cf8f28d2" dataRowInfo="2" resultType="DataDrivenDataRow">
          <Output>
            <StdOut>TestContext Messages:
Running SampleProject.Tests.MSTest tests</StdOut>
            <ErrorInfo>
              <Message>Assert.AreEqual failed. Expected:&lt;False&gt;. Actual:&lt;True&gt;. </Message>
              <StackTrace>   at SampleProject.MSTest.TestServiceTests.TestTheory(Boolean expected) in C:\Dev\LiquidTestReports\test\SampleProject\SampleProject.Tests.MSTest\TestServiceTests.cs:line 35&#xD;
</StackTrace>
            </ErrorInfo>
          </Output>
        </UnitTestResult>
      </InnerResults>
    </UnitTestResult>
    <UnitTestResult executionId="dd2d0c2a-e054-43da-ac1e-bb23e6433eb3" testId="eef49e77-440d-8a5d-4924-2ec89b8434ee" testName="SkipTest" computerName="DESKTOP-1B2SI9I" startTime="2021-04-02T08:51:12.3278491+10:00" endTime="2021-04-02T08:51:12.3278491+10:00" testType="13cdc9d9-ddb5-4fa4-a97d-d965ccfc6d4b" outcome="NotExecuted" testListId="8c84fa94-04c1-424b-9868-57a2d4851a1d" relativeResultsDirectory="dd2d0c2a-e054-43da-ac1e-bb23e6433eb3">
      <Output>
        <ErrorInfo>
          <Message>Skipped</Message>
        </ErrorInfo>
      </Output>
    </UnitTestResult>
  </Results>
  <TestDefinitions>
    <UnitTest name="TestTheory" storage="c:\dev\liquidtestreports\test\sampleproject\sampleproject.tests.mstest\bin\debug\net461\sampleproject.mstest.dll" id="ee94da90-080e-915e-9583-4df909e8f047">
      <Execution id="eca8116a-dc43-4dc5-b4c9-08a191e64a82" />
      <TestMethod codeBase="C:\Dev\LiquidTestReports\test\SampleProject\SampleProject.Tests.MSTest\bin\Debug\net461\SampleProject.MSTest.dll" adapterTypeName="executor://mstestadapter/v2" className="SampleProject.MSTest.TestServiceTests" name="TestTheory" />
    </UnitTest>
    <UnitTest name="FailTest" storage="c:\dev\liquidtestreports\test\sampleproject\sampleproject.tests.mstest\bin\debug\net461\sampleproject.mstest.dll" id="4538be58-39b3-4638-9eb2-26c085b619a7">
      <TestCategory>
        <TestCategoryItem TestCategory="Fail" />
      </TestCategory>
      <Execution id="b77f8afa-1ee5-4f3b-84e6-00dd4e7dad3a" />
      <TestMethod codeBase="C:\Dev\LiquidTestReports\test\SampleProject\SampleProject.Tests.MSTest\bin\Debug\net461\SampleProject.MSTest.dll" adapterTypeName="executor://mstestadapter/v2" className="SampleProject.MSTest.TestServiceTests" name="FailTest" />
    </UnitTest>
    <UnitTest name="SkipTest" storage="c:\dev\liquidtestreports\test\sampleproject\sampleproject.tests.mstest\bin\debug\net461\sampleproject.mstest.dll" id="eef49e77-440d-8a5d-4924-2ec89b8434ee">
      <TestCategory>
        <TestCategoryItem TestCategory="Skip" />
      </TestCategory>
      <Execution id="dd2d0c2a-e054-43da-ac1e-bb23e6433eb3" />
      <TestMethod codeBase="C:\Dev\LiquidTestReports\test\SampleProject\SampleProject.Tests.MSTest\bin\Debug\net461\SampleProject.MSTest.dll" adapterTypeName="executor://mstestadapter/v2" className="SampleProject.MSTest.TestServiceTests" name="SkipTest" />
    </UnitTest>
    <UnitTest name="TestThrowingException" storage="c:\dev\liquidtestreports\test\sampleproject\sampleproject.tests.mstest\bin\debug\net461\sampleproject.mstest.dll" id="7375cc66-e5f2-0720-ad4e-3a9c25c7178c">
      <Execution id="0e6eafb3-2335-4f0c-ac2d-681eb39edb1c" />
      <TestMethod codeBase="C:\Dev\LiquidTestReports\test\SampleProject\SampleProject.Tests.MSTest\bin\Debug\net461\SampleProject.MSTest.dll" adapterTypeName="executor://mstestadapter/v2" className="SampleProject.MSTest.TestServiceTests" name="TestThrowingException" />
    </UnitTest>
    <UnitTest name="PassingTest" storage="c:\dev\liquidtestreports\test\sampleproject\sampleproject.tests.mstest\bin\debug\net461\sampleproject.mstest.dll" id="bead3649-e074-0f23-f772-61a11d5ed529">
      <Execution id="ae55601e-324e-4ba2-9421-cde949d78781" />
      <TestMethod codeBase="C:\Dev\LiquidTestReports\test\SampleProject\SampleProject.Tests.MSTest\bin\Debug\net461\SampleProject.MSTest.dll" adapterTypeName="executor://mstestadapter/v2" className="SampleProject.MSTest.TestServiceTests" name="PassingTest" />
    </UnitTest>
  </TestDefinitions>
  <TestEntries>
    <TestEntry testId="7375cc66-e5f2-0720-ad4e-3a9c25c7178c" executionId="0e6eafb3-2335-4f0c-ac2d-681eb39edb1c" testListId="8c84fa94-04c1-424b-9868-57a2d4851a1d" />
    <TestEntry testId="4538be58-39b3-4638-9eb2-26c085b619a7" executionId="b77f8afa-1ee5-4f3b-84e6-00dd4e7dad3a" testListId="8c84fa94-04c1-424b-9868-57a2d4851a1d" />
    <TestEntry testId="bead3649-e074-0f23-f772-61a11d5ed529" executionId="ae55601e-324e-4ba2-9421-cde949d78781" testListId="8c84fa94-04c1-424b-9868-57a2d4851a1d" />
    <TestEntry testId="ee94da90-080e-915e-9583-4df909e8f047" executionId="eca8116a-dc43-4dc5-b4c9-08a191e64a82" testListId="8c84fa94-04c1-424b-9868-57a2d4851a1d" />
    <TestEntry testId="eef49e77-440d-8a5d-4924-2ec89b8434ee" executionId="dd2d0c2a-e054-43da-ac1e-bb23e6433eb3" testListId="8c84fa94-04c1-424b-9868-57a2d4851a1d" />
  </TestEntries>
  <TestLists>
    <TestList name="Results Not in a List" id="8c84fa94-04c1-424b-9868-57a2d4851a1d" />
    <TestList name="All Loaded Results" id="19431567-8539-422a-85d7-44ee4e166bda" />
  </TestLists>
  <ResultSummary outcome="Failed">
    <Counters total="7" executed="6" passed="2" failed="4" error="0" timeout="0" aborted="0" inconclusive="0" passedButRunAborted="0" notRunnable="0" notExecuted="0" disconnected="0" warning="0" completed="0" inProgress="0" pending="0" />
    <Output>
      <StdOut>Test 'SkipTest' was skipped in the test run.&#xD;
</StdOut>
    </Output>
  </ResultSummary>
</TestRun>