<?xml version="1.0" encoding="utf-8"?>
<TestRun id="9df5d43d-9ed5-471f-8b7b-e5084e51a6f3" name="kurt@DESKTOP 2024-02-22 08:34:41"
  runUser="DESKTOP\kurt" xmlns="http://microsoft.com/schemas/VisualStudio/TeamTest/2010">
  <Times creation="2024-02-22T08:34:41.7915637+10:00" queuing="2024-02-22T08:34:41.7915639+10:00"
    start="2024-02-22T08:34:40.8501555+10:00" finish="2024-02-22T08:34:41.8176994+10:00" />
  <TestSettings name="default" id="db1ddffa-368c-4b43-b002-22d02d9f61f3">
    <Deployment runDeploymentRoot="DESKTOP_2024-02-22_08_34_41" />
  </TestSettings>
  <Results>
    <UnitTestResult executionId="2297c714-d7f1-4aff-883f-0801a4582208"
      testId="911a211d-f3ce-1158-fca5-85dbb77e71b1" testName="TestThrowingException"
      computerName="DESKTOP" duration="00:00:00.0126170"
      startTime="2024-02-22T08:34:41.6205181+10:00" endTime="2024-02-22T08:34:41.6331348+10:00"
      testType="13cdc9d9-ddb5-4fa4-a97d-d965ccfc6d4b" outcome="Failed"
      testListId="8c84fa94-04c1-424b-9868-57a2d4851a1d"
      relativeResultsDirectory="2297c714-d7f1-4aff-883f-0801a4582208">
      <Output>
        <StdOut>Running SampleProject.Tests.NUnit tests</StdOut>
        <ErrorInfo>
          <Message>System.Exception : Pretty good exception</Message>
          <StackTrace> at SampleProject.TestService.GetException() in
            C:\Dev\LiquidTestReports\test\SampleProject\SampleProject\TestService.cs:line 19&#xD;
            at SampleProject.NUnit.TestServiceTests.TestThrowingException() in
            C:\Dev\LiquidTestReports\test\SampleProject\SampleProject.Tests.NUnit\TestServiceTests.cs:line
            50
          </StackTrace>
        </ErrorInfo>
      </Output>
    </UnitTestResult>
    <UnitTestResult executionId="80edef06-4ead-468f-aa04-f80e201e7d35"
      testId="c120beeb-67a5-aeb8-f6c3-ac7c5841e7e2" testName="TestTheory(False)"
      computerName="DESKTOP" duration="00:00:00.0057710"
      startTime="2024-02-22T08:34:41.6146824+10:00" endTime="2024-02-22T08:34:41.6204528+10:00"
      testType="13cdc9d9-ddb5-4fa4-a97d-d965ccfc6d4b" outcome="Failed"
      testListId="8c84fa94-04c1-424b-9868-57a2d4851a1d"
      relativeResultsDirectory="80edef06-4ead-468f-aa04-f80e201e7d35">
      <Output>
        <StdOut>Running SampleProject.Tests.NUnit tests</StdOut>
        <ErrorInfo>
          <Message> Assert.That(expected, Is.EqualTo(result))&#xD;
            Expected: True&#xD;
            But was: False&#xD;
          </Message>
          <StackTrace> at SampleProject.NUnit.TestServiceTests.TestTheory(Boolean expected) in
            C:\Dev\LiquidTestReports\test\SampleProject\SampleProject.Tests.NUnit\TestServiceTests.cs:line
            25&#xD;

            1) at SampleProject.NUnit.TestServiceTests.TestTheory(Boolean expected) in
            C:\Dev\LiquidTestReports\test\SampleProject\SampleProject.Tests.NUnit\TestServiceTests.cs:line
            25&#xD;

          </StackTrace>
        </ErrorInfo>
      </Output>
    </UnitTestResult>
    <UnitTestResult executionId="7e374d5c-ff0f-4644-8f65-59079390f45f"
      testId="a810ceed-12fa-d2cb-58ac-46722001948f" testName="PassingTest"
      computerName="DESKTOP" duration="00:00:00.0014000"
      startTime="2024-02-22T08:34:41.6017754+10:00" endTime="2024-02-22T08:34:41.6031751+10:00"
      testType="13cdc9d9-ddb5-4fa4-a97d-d965ccfc6d4b" outcome="Passed"
      testListId="8c84fa94-04c1-424b-9868-57a2d4851a1d"
      relativeResultsDirectory="7e374d5c-ff0f-4644-8f65-59079390f45f">
      <Output>
        <StdOut>Running SampleProject.Tests.NUnit tests</StdOut>
      </Output>
    </UnitTestResult>
    <UnitTestResult executionId="8e53e86a-4849-4987-a5c7-72b53ece40f0"
      testId="1fef8bc5-57be-7221-8d06-4e31bf989466" testName="AttachImage"
      computerName="DESKTOP" duration="00:00:00.0047720"
      startTime="2024-02-22T08:34:41.5590131+10:00" endTime="2024-02-22T08:34:41.5637308+10:00"
      testType="13cdc9d9-ddb5-4fa4-a97d-d965ccfc6d4b" outcome="Passed"
      testListId="8c84fa94-04c1-424b-9868-57a2d4851a1d"
      relativeResultsDirectory="8e53e86a-4849-4987-a5c7-72b53ece40f0">
      <Output>
        <StdOut>Attach an image</StdOut>
      </Output>
      <ResultFiles>
        <ResultFile path="DESKTOP\attachmentSample.png" />
      </ResultFiles>
    </UnitTestResult>
    <UnitTestResult executionId="fadfc4cb-9e23-40b0-bb32-86477ab07c76"
      testId="728830dd-059e-2376-1abd-55d3a563c887" testName="SkipTest"
      computerName="DESKTOP" duration="00:00:00.0001530"
      startTime="2024-02-22T08:34:41.6031907+10:00" endTime="2024-02-22T08:34:41.6033431+10:00"
      testType="13cdc9d9-ddb5-4fa4-a97d-d965ccfc6d4b" outcome="NotExecuted"
      testListId="8c84fa94-04c1-424b-9868-57a2d4851a1d"
      relativeResultsDirectory="fadfc4cb-9e23-40b0-bb32-86477ab07c76">
      <Output>
        <StdOut>Ignore test</StdOut>
        <ErrorInfo>
          <Message>Ignore test</Message>
        </ErrorInfo>
      </Output>
    </UnitTestResult>
    <UnitTestResult executionId="a681faf3-f3d1-45fb-8f86-a13dd623e56c"
      testId="0e1ae64b-f2bf-7ff7-e7aa-eb6e7b50ba46" testName="TestTheory(True)"
      computerName="DESKTOP" duration="00:00:00.0112669"
      startTime="2024-02-22T08:34:41.6033753+10:00" endTime="2024-02-22T08:34:41.6146419+10:00"
      testType="13cdc9d9-ddb5-4fa4-a97d-d965ccfc6d4b" outcome="Passed"
      testListId="8c84fa94-04c1-424b-9868-57a2d4851a1d"
      relativeResultsDirectory="a681faf3-f3d1-45fb-8f86-a13dd623e56c">
      <Output>
        <StdOut>Running SampleProject.Tests.NUnit tests</StdOut>
      </Output>
    </UnitTestResult>
    <UnitTestResult executionId="cd29395f-b226-4066-9155-3c96af190500"
      testId="b0a188dd-3bff-ab15-2c78-59fc7d7de33b" testName="FailTest"
      computerName="DESKTOP" duration="00:00:00.0317910"
      startTime="2024-02-22T08:34:41.5698663+10:00" endTime="2024-02-22T08:34:41.6016575+10:00"
      testType="13cdc9d9-ddb5-4fa4-a97d-d965ccfc6d4b" outcome="Failed"
      testListId="8c84fa94-04c1-424b-9868-57a2d4851a1d"
      relativeResultsDirectory="cd29395f-b226-4066-9155-3c96af190500">
      <Output>
        <StdOut>Running SampleProject.Tests.NUnit tests&#xD;
          This test will fail</StdOut>
        <ErrorInfo>
          <Message> Assert.That(true, Is.False)&#xD;
            Expected: False&#xD;
            But was: True&#xD;
          </Message>
          <StackTrace> at SampleProject.NUnit.TestServiceTests.FailTest() in
            C:\Dev\LiquidTestReports\test\SampleProject\SampleProject.Tests.NUnit\TestServiceTests.cs:line
            61&#xD;

            1) at SampleProject.NUnit.TestServiceTests.FailTest() in
            C:\Dev\LiquidTestReports\test\SampleProject\SampleProject.Tests.NUnit\TestServiceTests.cs:line
            61&#xD;

          </StackTrace>
        </ErrorInfo>
      </Output>
    </UnitTestResult>
  </Results>
  <TestDefinitions>
    <UnitTest name="TestTheory(False)"
      storage="c:\dev\liquidtestreports\test\sampleproject\sampleproject.tests.nunit\bin\debug\net6.0\sampleproject.nunit.dll"
      id="c120beeb-67a5-aeb8-f6c3-ac7c5841e7e2">
      <Execution id="80edef06-4ead-468f-aa04-f80e201e7d35" />
      <TestMethod
        codeBase="C:\Dev\LiquidTestReports\test\SampleProject\SampleProject.Tests.NUnit\bin\Debug\net6.0\SampleProject.NUnit.dll"
        adapterTypeName="executor://nunit3testexecutor/"
        className="SampleProject.NUnit.TestServiceTests" name="TestTheory(False)" />
    </UnitTest>
    <UnitTest name="AttachImage"
      storage="c:\dev\liquidtestreports\test\sampleproject\sampleproject.tests.nunit\bin\debug\net6.0\sampleproject.nunit.dll"
      id="1fef8bc5-57be-7221-8d06-4e31bf989466">
      <Execution id="8e53e86a-4849-4987-a5c7-72b53ece40f0" />
      <TestMethod
        codeBase="C:\Dev\LiquidTestReports\test\SampleProject\SampleProject.Tests.NUnit\bin\Debug\net6.0\SampleProject.NUnit.dll"
        adapterTypeName="executor://nunit3testexecutor/" className="SampleProject.NUnit.Attachment"
        name="AttachImage" />
    </UnitTest>
    <UnitTest name="SkipTest"
      storage="c:\dev\liquidtestreports\test\sampleproject\sampleproject.tests.nunit\bin\debug\net6.0\sampleproject.nunit.dll"
      id="728830dd-059e-2376-1abd-55d3a563c887">
      <Execution id="fadfc4cb-9e23-40b0-bb32-86477ab07c76" />
      <TestMethod
        codeBase="C:\Dev\LiquidTestReports\test\SampleProject\SampleProject.Tests.NUnit\bin\Debug\net6.0\SampleProject.NUnit.dll"
        adapterTypeName="executor://nunit3testexecutor/"
        className="SampleProject.NUnit.TestServiceTests" name="SkipTest" />
    </UnitTest>
    <UnitTest name="FailTest"
      storage="c:\dev\liquidtestreports\test\sampleproject\sampleproject.tests.nunit\bin\debug\net6.0\sampleproject.nunit.dll"
      id="b0a188dd-3bff-ab15-2c78-59fc7d7de33b">
      <Execution id="cd29395f-b226-4066-9155-3c96af190500" />
      <TestMethod
        codeBase="C:\Dev\LiquidTestReports\test\SampleProject\SampleProject.Tests.NUnit\bin\Debug\net6.0\SampleProject.NUnit.dll"
        adapterTypeName="executor://nunit3testexecutor/"
        className="SampleProject.NUnit.TestServiceTests" name="FailTest" />
    </UnitTest>
    <UnitTest name="TestTheory(True)"
      storage="c:\dev\liquidtestreports\test\sampleproject\sampleproject.tests.nunit\bin\debug\net6.0\sampleproject.nunit.dll"
      id="0e1ae64b-f2bf-7ff7-e7aa-eb6e7b50ba46">
      <Execution id="a681faf3-f3d1-45fb-8f86-a13dd623e56c" />
      <TestMethod
        codeBase="C:\Dev\LiquidTestReports\test\SampleProject\SampleProject.Tests.NUnit\bin\Debug\net6.0\SampleProject.NUnit.dll"
        adapterTypeName="executor://nunit3testexecutor/"
        className="SampleProject.NUnit.TestServiceTests" name="TestTheory(True)" />
    </UnitTest>
    <UnitTest name="PassingTest"
      storage="c:\dev\liquidtestreports\test\sampleproject\sampleproject.tests.nunit\bin\debug\net6.0\sampleproject.nunit.dll"
      id="a810ceed-12fa-d2cb-58ac-46722001948f">
      <Execution id="7e374d5c-ff0f-4644-8f65-59079390f45f" />
      <TestMethod
        codeBase="C:\Dev\LiquidTestReports\test\SampleProject\SampleProject.Tests.NUnit\bin\Debug\net6.0\SampleProject.NUnit.dll"
        adapterTypeName="executor://nunit3testexecutor/"
        className="SampleProject.NUnit.TestServiceTests" name="PassingTest" />
    </UnitTest>
    <UnitTest name="TestThrowingException"
      storage="c:\dev\liquidtestreports\test\sampleproject\sampleproject.tests.nunit\bin\debug\net6.0\sampleproject.nunit.dll"
      id="911a211d-f3ce-1158-fca5-85dbb77e71b1">
      <Execution id="2297c714-d7f1-4aff-883f-0801a4582208" />
      <TestMethod
        codeBase="C:\Dev\LiquidTestReports\test\SampleProject\SampleProject.Tests.NUnit\bin\Debug\net6.0\SampleProject.NUnit.dll"
        adapterTypeName="executor://nunit3testexecutor/"
        className="SampleProject.NUnit.TestServiceTests" name="TestThrowingException" />
    </UnitTest>
  </TestDefinitions>
  <TestEntries>
    <TestEntry testId="911a211d-f3ce-1158-fca5-85dbb77e71b1"
      executionId="2297c714-d7f1-4aff-883f-0801a4582208"
      testListId="8c84fa94-04c1-424b-9868-57a2d4851a1d" />
    <TestEntry testId="c120beeb-67a5-aeb8-f6c3-ac7c5841e7e2"
      executionId="80edef06-4ead-468f-aa04-f80e201e7d35"
      testListId="8c84fa94-04c1-424b-9868-57a2d4851a1d" />
    <TestEntry testId="a810ceed-12fa-d2cb-58ac-46722001948f"
      executionId="7e374d5c-ff0f-4644-8f65-59079390f45f"
      testListId="8c84fa94-04c1-424b-9868-57a2d4851a1d" />
    <TestEntry testId="1fef8bc5-57be-7221-8d06-4e31bf989466"
      executionId="8e53e86a-4849-4987-a5c7-72b53ece40f0"
      testListId="8c84fa94-04c1-424b-9868-57a2d4851a1d" />
    <TestEntry testId="728830dd-059e-2376-1abd-55d3a563c887"
      executionId="fadfc4cb-9e23-40b0-bb32-86477ab07c76"
      testListId="8c84fa94-04c1-424b-9868-57a2d4851a1d" />
    <TestEntry testId="0e1ae64b-f2bf-7ff7-e7aa-eb6e7b50ba46"
      executionId="a681faf3-f3d1-45fb-8f86-a13dd623e56c"
      testListId="8c84fa94-04c1-424b-9868-57a2d4851a1d" />
    <TestEntry testId="b0a188dd-3bff-ab15-2c78-59fc7d7de33b"
      executionId="cd29395f-b226-4066-9155-3c96af190500"
      testListId="8c84fa94-04c1-424b-9868-57a2d4851a1d" />
  </TestEntries>
  <TestLists>
    <TestList name="Results Not in a List" id="8c84fa94-04c1-424b-9868-57a2d4851a1d" />
    <TestList name="All Loaded Results" id="19431567-8539-422a-85d7-44ee4e166bda" />
  </TestLists>
  <ResultSummary outcome="Failed">
    <Counters total="7" executed="6" passed="3" failed="3" error="0" timeout="0" aborted="0"
      inconclusive="0" passedButRunAborted="0" notRunnable="0" notExecuted="0" disconnected="0"
      warning="0" completed="0" inProgress="0" pending="0" />
    <Output>
      <StdOut>NUnit Adapter 4.5.0.0: Test execution started&#xD;
        Running all tests in
        C:\Dev\LiquidTestReports\test\SampleProject\SampleProject.Tests.NUnit\bin\Debug\net6.0\SampleProject.NUnit.dll&#xD;
        NUnit3TestExecutor discovered 7 of 7 NUnit test cases using Current Discovery mode,
        Non-Explicit run&#xD;
        SkipTest: Ignore test&#xD;
        NUnit Adapter 4.5.0.0: Test execution complete&#xD;
        Test 'SkipTest' was skipped in the test run.&#xD;
      </StdOut>
    </Output>
    <RunInfos>
      <RunInfo computerName="DESKTOP" outcome="Warning"
        timestamp="2024-02-22T08:34:41.5826701+10:00">
        <Text>Attach an image&#xD;
        </Text>
      </RunInfo>
      <RunInfo computerName="DESKTOP" outcome="Warning"
        timestamp="2024-02-22T08:34:41.6045933+10:00">
        <Text>Running SampleProject.Tests.NUnit tests&#xD;
          This test will fail&#xD;
        </Text>
      </RunInfo>
      <RunInfo computerName="DESKTOP" outcome="Warning"
        timestamp="2024-02-22T08:34:41.6053329+10:00">
        <Text>Running SampleProject.Tests.NUnit tests&#xD;
        </Text>
      </RunInfo>
      <RunInfo computerName="DESKTOP" outcome="Warning"
        timestamp="2024-02-22T08:34:41.6151807+10:00">
        <Text>Running SampleProject.Tests.NUnit tests&#xD;
        </Text>
      </RunInfo>
      <RunInfo computerName="DESKTOP" outcome="Warning"
        timestamp="2024-02-22T08:34:41.6209627+10:00">
        <Text>Running SampleProject.Tests.NUnit tests&#xD;
        </Text>
      </RunInfo>
      <RunInfo computerName="DESKTOP" outcome="Warning"
        timestamp="2024-02-22T08:34:41.6336138+10:00">
        <Text>Running SampleProject.Tests.NUnit tests&#xD;
        </Text>
      </RunInfo>
    </RunInfos>
  </ResultSummary>
</TestRun>